../Core/Src/main.c:155:6:MPU6050_Init	32	static
../Core/Src/main.c:162:6:MPU6050_Read_All	40	static
../Core/Src/main.c:222:5:main	8	static
../Core/Src/main.c:337:6:leerMPU	120	static
../Core/Src/main.c:351:6:leerADXL	48	static
../Core/Src/main.c:367:6:inicializarArchivoSD	8	static
../Core/Src/main.c:397:6:guardarDatosEnSD	8	static
../Core/Src/main.c:419:6:borrarSD	56	static
../Core/Src/main.c:445:6:leerSD	40	static
../Core/Src/main.c:478:6:SystemClock_Config	88	static
../Core/Src/main.c:526:13:MX_I2C1_Init	8	static
../Core/Src/main.c:560:13:MX_SPI2_Init	8	static
../Core/Src/main.c:598:13:MX_USART2_UART_Init	8	static
../Core/Src/main.c:631:13:MX_GPIO_Init	48	static
../Core/Src/main.c:675:6:Error_Handler	4	static,ignoring_inline_asm
